// Jest Snapshot v1, https://goo.gl/fbAQLP

exports[`TodoListLi matches snapshot 1`] = `
ShallowWrapper {
  "length": 1,
  Symbol(enzyme.__root__): [Circular],
  Symbol(enzyme.__unrendered__): <TodoListLi
    todoObj={
      Object {
        "id": 1,
        "status": "doing",
        "text": "Implement React Tests",
      }
    }
  />,
  Symbol(enzyme.__renderer__): Object {
    "batchedUpdates": [Function],
    "getNode": [Function],
    "render": [Function],
    "simulateEvent": [Function],
    "unmount": [Function],
  },
  Symbol(enzyme.__node__): Object {
    "instance": null,
    "key": undefined,
    "nodeType": "host",
    "props": Object {
      "children": "Implement React Tests",
      "className": "todo-list-li",
    },
    "ref": null,
    "rendered": "Implement React Tests",
    "type": "li",
  },
  Symbol(enzyme.__nodes__): Array [
    Object {
      "instance": null,
      "key": undefined,
      "nodeType": "host",
      "props": Object {
        "children": "Implement React Tests",
        "className": "todo-list-li",
      },
      "ref": null,
      "rendered": "Implement React Tests",
      "type": "li",
    },
  ],
  Symbol(enzyme.__options__): Object {
    "adapter": ReactSixteenAdapter {
      "options": Object {
        "enableComponentDidUpdateOnSetState": true,
      },
    },
  },
}
`;
