// Jest Snapshot v1, https://goo.gl/fbAQLP

exports[`TodoInput snapshots correctly 1`] = `
ReactWrapper {
  "length": 1,
  Symbol(enzyme.__unrendered__): <TodoInput
    onChange={[Function]}
  />,
  Symbol(enzyme.__renderer__): Object {
    "batchedUpdates": [Function],
    "getNode": [Function],
    "render": [Function],
    "simulateEvent": [Function],
    "unmount": [Function],
  },
  Symbol(enzyme.__root__): [Circular],
  Symbol(enzyme.__node__): Object {
    "instance": TodoInput {
      "_reactInternalFiber": FiberNode {
        "_debugID": 4,
        "_debugIsCurrentlyTiming": false,
        "_debugOwner": FiberNode {
          "_debugID": 3,
          "_debugIsCurrentlyTiming": false,
          "_debugOwner": null,
          "_debugSource": null,
          "alternate": null,
          "child": [Circular],
          "effectTag": 1,
          "expirationTime": 0,
          "firstEffect": FiberNode {
            "_debugID": 5,
            "_debugIsCurrentlyTiming": false,
            "_debugOwner": [Circular],
            "_debugSource": null,
            "alternate": null,
            "child": null,
            "effectTag": 128,
            "expirationTime": 0,
            "firstEffect": null,
            "index": 0,
            "internalContextTag": 0,
            "key": null,
            "lastEffect": null,
            "memoizedProps": Object {
              "className": "todo-input",
              "onChange": [Function],
              "placeholder": "do something...",
              "type": "text",
            },
            "memoizedState": null,
            "nextEffect": null,
            "pendingProps": null,
            "ref": [Function],
            "return": [Circular],
            "sibling": null,
            "stateNode": <input
              class="todo-input"
              placeholder="do something..."
              type="text"
            />,
            "tag": 5,
            "type": "input",
            "updateQueue": null,
          },
          "index": 0,
          "internalContextTag": 0,
          "key": null,
          "lastEffect": [Circular],
          "memoizedProps": Object {
            "Component": [Function],
            "context": null,
            "props": Object {
              "onChange": [Function],
            },
          },
          "memoizedState": Object {
            "context": null,
            "mount": true,
            "props": Object {
              "onChange": [Function],
            },
          },
          "nextEffect": null,
          "pendingProps": null,
          "ref": null,
          "return": FiberNode {
            "_debugID": 1,
            "_debugIsCurrentlyTiming": false,
            "_debugOwner": null,
            "_debugSource": null,
            "alternate": FiberNode {
              "_debugID": 1,
              "_debugIsCurrentlyTiming": false,
              "_debugOwner": null,
              "_debugSource": null,
              "alternate": [Circular],
              "child": null,
              "effectTag": 0,
              "expirationTime": 1,
              "firstEffect": null,
              "index": 0,
              "internalContextTag": 0,
              "key": null,
              "lastEffect": null,
              "memoizedProps": null,
              "memoizedState": null,
              "nextEffect": null,
              "pendingProps": null,
              "ref": null,
              "return": null,
              "sibling": null,
              "stateNode": Object {
                "containerInfo": <div>
                  <input
                    class="todo-input"
                    placeholder="do something..."
                    type="text"
                  />
                </div>,
                "context": Object {},
                "current": [Circular],
                "finishedWork": null,
                "hydrate": false,
                "isReadyForCommit": false,
                "nextScheduledRoot": null,
                "pendingChildren": null,
                "pendingContext": null,
                "remainingExpirationTime": 0,
              },
              "tag": 3,
              "type": null,
              "updateQueue": Object {
                "baseState": null,
                "callbackList": null,
                "expirationTime": 1,
                "first": Object {
                  "callback": null,
                  "expirationTime": 1,
                  "isForced": false,
                  "isReplace": false,
                  "next": null,
                  "nextCallback": null,
                  "partialState": Object {
                    "element": <WrapperComponent
                      Component={[Function]}
                      context={null}
                      props={
                        Object {
                          "onChange": [Function],
                        }
                      }
                    />,
                  },
                },
                "hasForceUpdate": false,
                "isInitialized": false,
                "isProcessing": false,
                "last": Object {
                  "callback": null,
                  "expirationTime": 1,
                  "isForced": false,
                  "isReplace": false,
                  "next": null,
                  "nextCallback": null,
                  "partialState": Object {
                    "element": <WrapperComponent
                      Component={[Function]}
                      context={null}
                      props={
                        Object {
                          "onChange": [Function],
                        }
                      }
                    />,
                  },
                },
              },
            },
            "child": [Circular],
            "effectTag": 0,
            "expirationTime": 0,
            "firstEffect": FiberNode {
              "_debugID": 5,
              "_debugIsCurrentlyTiming": false,
              "_debugOwner": [Circular],
              "_debugSource": null,
              "alternate": null,
              "child": null,
              "effectTag": 128,
              "expirationTime": 0,
              "firstEffect": null,
              "index": 0,
              "internalContextTag": 0,
              "key": null,
              "lastEffect": null,
              "memoizedProps": Object {
                "className": "todo-input",
                "onChange": [Function],
                "placeholder": "do something...",
                "type": "text",
              },
              "memoizedState": null,
              "nextEffect": null,
              "pendingProps": null,
              "ref": [Function],
              "return": [Circular],
              "sibling": null,
              "stateNode": <input
                class="todo-input"
                placeholder="do something..."
                type="text"
              />,
              "tag": 5,
              "type": "input",
              "updateQueue": null,
            },
            "index": 0,
            "internalContextTag": 0,
            "key": null,
            "lastEffect": [Circular],
            "memoizedProps": null,
            "memoizedState": Object {
              "element": <WrapperComponent
                Component={[Function]}
                context={null}
                props={
                  Object {
                    "onChange": [Function],
                  }
                }
              />,
            },
            "nextEffect": null,
            "pendingProps": null,
            "ref": null,
            "return": null,
            "sibling": null,
            "stateNode": Object {
              "containerInfo": <div>
                <input
                  class="todo-input"
                  placeholder="do something..."
                  type="text"
                />
              </div>,
              "context": Object {},
              "current": [Circular],
              "finishedWork": null,
              "hydrate": false,
              "isReadyForCommit": false,
              "nextScheduledRoot": null,
              "pendingChildren": null,
              "pendingContext": null,
              "remainingExpirationTime": 0,
            },
            "tag": 3,
            "type": null,
            "updateQueue": null,
          },
          "sibling": null,
          "stateNode": WrapperComponent {
            "_reactInternalFiber": [Circular],
            "_reactInternalInstance": Object {},
            "context": Object {},
            "props": Object {
              "Component": [Function],
              "context": null,
              "props": Object {
                "onChange": [Function],
              },
            },
            "refs": Object {},
            "state": Object {
              "context": null,
              "mount": true,
              "props": Object {
                "onChange": [Function],
              },
            },
            "updater": Object {
              "enqueueForceUpdate": [Function],
              "enqueueReplaceState": [Function],
              "enqueueSetState": [Function],
              "isMounted": [Function],
            },
          },
          "tag": 2,
          "type": [Function],
          "updateQueue": null,
        },
        "_debugSource": null,
        "alternate": null,
        "child": FiberNode {
          "_debugID": 5,
          "_debugIsCurrentlyTiming": false,
          "_debugOwner": [Circular],
          "_debugSource": null,
          "alternate": null,
          "child": null,
          "effectTag": 128,
          "expirationTime": 0,
          "firstEffect": null,
          "index": 0,
          "internalContextTag": 0,
          "key": null,
          "lastEffect": null,
          "memoizedProps": Object {
            "className": "todo-input",
            "onChange": [Function],
            "placeholder": "do something...",
            "type": "text",
          },
          "memoizedState": null,
          "nextEffect": null,
          "pendingProps": null,
          "ref": [Function],
          "return": [Circular],
          "sibling": null,
          "stateNode": <input
            class="todo-input"
            placeholder="do something..."
            type="text"
          />,
          "tag": 5,
          "type": "input",
          "updateQueue": null,
        },
        "effectTag": 5,
        "expirationTime": 0,
        "firstEffect": FiberNode {
          "_debugID": 5,
          "_debugIsCurrentlyTiming": false,
          "_debugOwner": [Circular],
          "_debugSource": null,
          "alternate": null,
          "child": null,
          "effectTag": 128,
          "expirationTime": 0,
          "firstEffect": null,
          "index": 0,
          "internalContextTag": 0,
          "key": null,
          "lastEffect": null,
          "memoizedProps": Object {
            "className": "todo-input",
            "onChange": [Function],
            "placeholder": "do something...",
            "type": "text",
          },
          "memoizedState": null,
          "nextEffect": null,
          "pendingProps": null,
          "ref": [Function],
          "return": [Circular],
          "sibling": null,
          "stateNode": <input
            class="todo-input"
            placeholder="do something..."
            type="text"
          />,
          "tag": 5,
          "type": "input",
          "updateQueue": null,
        },
        "index": 0,
        "internalContextTag": 0,
        "key": null,
        "lastEffect": FiberNode {
          "_debugID": 5,
          "_debugIsCurrentlyTiming": false,
          "_debugOwner": [Circular],
          "_debugSource": null,
          "alternate": null,
          "child": null,
          "effectTag": 128,
          "expirationTime": 0,
          "firstEffect": null,
          "index": 0,
          "internalContextTag": 0,
          "key": null,
          "lastEffect": null,
          "memoizedProps": Object {
            "className": "todo-input",
            "onChange": [Function],
            "placeholder": "do something...",
            "type": "text",
          },
          "memoizedState": null,
          "nextEffect": null,
          "pendingProps": null,
          "ref": [Function],
          "return": [Circular],
          "sibling": null,
          "stateNode": <input
            class="todo-input"
            placeholder="do something..."
            type="text"
          />,
          "tag": 5,
          "type": "input",
          "updateQueue": null,
        },
        "memoizedProps": Object {
          "onChange": [Function],
        },
        "memoizedState": null,
        "nextEffect": null,
        "pendingProps": null,
        "ref": null,
        "return": FiberNode {
          "_debugID": 3,
          "_debugIsCurrentlyTiming": false,
          "_debugOwner": null,
          "_debugSource": null,
          "alternate": null,
          "child": [Circular],
          "effectTag": 1,
          "expirationTime": 0,
          "firstEffect": FiberNode {
            "_debugID": 5,
            "_debugIsCurrentlyTiming": false,
            "_debugOwner": [Circular],
            "_debugSource": null,
            "alternate": null,
            "child": null,
            "effectTag": 128,
            "expirationTime": 0,
            "firstEffect": null,
            "index": 0,
            "internalContextTag": 0,
            "key": null,
            "lastEffect": null,
            "memoizedProps": Object {
              "className": "todo-input",
              "onChange": [Function],
              "placeholder": "do something...",
              "type": "text",
            },
            "memoizedState": null,
            "nextEffect": null,
            "pendingProps": null,
            "ref": [Function],
            "return": [Circular],
            "sibling": null,
            "stateNode": <input
              class="todo-input"
              placeholder="do something..."
              type="text"
            />,
            "tag": 5,
            "type": "input",
            "updateQueue": null,
          },
          "index": 0,
          "internalContextTag": 0,
          "key": null,
          "lastEffect": [Circular],
          "memoizedProps": Object {
            "Component": [Function],
            "context": null,
            "props": Object {
              "onChange": [Function],
            },
          },
          "memoizedState": Object {
            "context": null,
            "mount": true,
            "props": Object {
              "onChange": [Function],
            },
          },
          "nextEffect": null,
          "pendingProps": null,
          "ref": null,
          "return": FiberNode {
            "_debugID": 1,
            "_debugIsCurrentlyTiming": false,
            "_debugOwner": null,
            "_debugSource": null,
            "alternate": FiberNode {
              "_debugID": 1,
              "_debugIsCurrentlyTiming": false,
              "_debugOwner": null,
              "_debugSource": null,
              "alternate": [Circular],
              "child": null,
              "effectTag": 0,
              "expirationTime": 1,
              "firstEffect": null,
              "index": 0,
              "internalContextTag": 0,
              "key": null,
              "lastEffect": null,
              "memoizedProps": null,
              "memoizedState": null,
              "nextEffect": null,
              "pendingProps": null,
              "ref": null,
              "return": null,
              "sibling": null,
              "stateNode": Object {
                "containerInfo": <div>
                  <input
                    class="todo-input"
                    placeholder="do something..."
                    type="text"
                  />
                </div>,
                "context": Object {},
                "current": [Circular],
                "finishedWork": null,
                "hydrate": false,
                "isReadyForCommit": false,
                "nextScheduledRoot": null,
                "pendingChildren": null,
                "pendingContext": null,
                "remainingExpirationTime": 0,
              },
              "tag": 3,
              "type": null,
              "updateQueue": Object {
                "baseState": null,
                "callbackList": null,
                "expirationTime": 1,
                "first": Object {
                  "callback": null,
                  "expirationTime": 1,
                  "isForced": false,
                  "isReplace": false,
                  "next": null,
                  "nextCallback": null,
                  "partialState": Object {
                    "element": <WrapperComponent
                      Component={[Function]}
                      context={null}
                      props={
                        Object {
                          "onChange": [Function],
                        }
                      }
                    />,
                  },
                },
                "hasForceUpdate": false,
                "isInitialized": false,
                "isProcessing": false,
                "last": Object {
                  "callback": null,
                  "expirationTime": 1,
                  "isForced": false,
                  "isReplace": false,
                  "next": null,
                  "nextCallback": null,
                  "partialState": Object {
                    "element": <WrapperComponent
                      Component={[Function]}
                      context={null}
                      props={
                        Object {
                          "onChange": [Function],
                        }
                      }
                    />,
                  },
                },
              },
            },
            "child": [Circular],
            "effectTag": 0,
            "expirationTime": 0,
            "firstEffect": FiberNode {
              "_debugID": 5,
              "_debugIsCurrentlyTiming": false,
              "_debugOwner": [Circular],
              "_debugSource": null,
              "alternate": null,
              "child": null,
              "effectTag": 128,
              "expirationTime": 0,
              "firstEffect": null,
              "index": 0,
              "internalContextTag": 0,
              "key": null,
              "lastEffect": null,
              "memoizedProps": Object {
                "className": "todo-input",
                "onChange": [Function],
                "placeholder": "do something...",
                "type": "text",
              },
              "memoizedState": null,
              "nextEffect": null,
              "pendingProps": null,
              "ref": [Function],
              "return": [Circular],
              "sibling": null,
              "stateNode": <input
                class="todo-input"
                placeholder="do something..."
                type="text"
              />,
              "tag": 5,
              "type": "input",
              "updateQueue": null,
            },
            "index": 0,
            "internalContextTag": 0,
            "key": null,
            "lastEffect": [Circular],
            "memoizedProps": null,
            "memoizedState": Object {
              "element": <WrapperComponent
                Component={[Function]}
                context={null}
                props={
                  Object {
                    "onChange": [Function],
                  }
                }
              />,
            },
            "nextEffect": null,
            "pendingProps": null,
            "ref": null,
            "return": null,
            "sibling": null,
            "stateNode": Object {
              "containerInfo": <div>
                <input
                  class="todo-input"
                  placeholder="do something..."
                  type="text"
                />
              </div>,
              "context": Object {},
              "current": [Circular],
              "finishedWork": null,
              "hydrate": false,
              "isReadyForCommit": false,
              "nextScheduledRoot": null,
              "pendingChildren": null,
              "pendingContext": null,
              "remainingExpirationTime": 0,
            },
            "tag": 3,
            "type": null,
            "updateQueue": null,
          },
          "sibling": null,
          "stateNode": WrapperComponent {
            "_reactInternalFiber": [Circular],
            "_reactInternalInstance": Object {},
            "context": Object {},
            "props": Object {
              "Component": [Function],
              "context": null,
              "props": Object {
                "onChange": [Function],
              },
            },
            "refs": Object {},
            "state": Object {
              "context": null,
              "mount": true,
              "props": Object {
                "onChange": [Function],
              },
            },
            "updater": Object {
              "enqueueForceUpdate": [Function],
              "enqueueReplaceState": [Function],
              "enqueueSetState": [Function],
              "isMounted": [Function],
            },
          },
          "tag": 2,
          "type": [Function],
          "updateQueue": null,
        },
        "sibling": null,
        "stateNode": [Circular],
        "tag": 2,
        "type": [Function],
        "updateQueue": null,
      },
      "_reactInternalInstance": Object {},
      "autoFocus": [Function],
      "context": Object {},
      "inputElem": <input
        class="todo-input"
        placeholder="do something..."
        type="text"
      />,
      "props": Object {
        "onChange": [Function],
      },
      "refs": Object {},
      "state": null,
      "updater": Object {
        "enqueueForceUpdate": [Function],
        "enqueueReplaceState": [Function],
        "enqueueSetState": [Function],
        "isMounted": [Function],
      },
    },
    "key": undefined,
    "nodeType": "class",
    "props": Object {
      "onChange": [Function],
    },
    "ref": null,
    "rendered": Object {
      "instance": <input
        class="todo-input"
        placeholder="do something..."
        type="text"
      />,
      "key": undefined,
      "nodeType": "host",
      "props": Object {
        "className": "todo-input",
        "onChange": [Function],
        "placeholder": "do something...",
        "type": "text",
      },
      "ref": [Function],
      "rendered": Array [
        undefined,
      ],
      "type": "input",
    },
    "type": [Function],
  },
  Symbol(enzyme.__nodes__): Array [
    Object {
      "instance": TodoInput {
        "_reactInternalFiber": FiberNode {
          "_debugID": 4,
          "_debugIsCurrentlyTiming": false,
          "_debugOwner": FiberNode {
            "_debugID": 3,
            "_debugIsCurrentlyTiming": false,
            "_debugOwner": null,
            "_debugSource": null,
            "alternate": null,
            "child": [Circular],
            "effectTag": 1,
            "expirationTime": 0,
            "firstEffect": FiberNode {
              "_debugID": 5,
              "_debugIsCurrentlyTiming": false,
              "_debugOwner": [Circular],
              "_debugSource": null,
              "alternate": null,
              "child": null,
              "effectTag": 128,
              "expirationTime": 0,
              "firstEffect": null,
              "index": 0,
              "internalContextTag": 0,
              "key": null,
              "lastEffect": null,
              "memoizedProps": Object {
                "className": "todo-input",
                "onChange": [Function],
                "placeholder": "do something...",
                "type": "text",
              },
              "memoizedState": null,
              "nextEffect": null,
              "pendingProps": null,
              "ref": [Function],
              "return": [Circular],
              "sibling": null,
              "stateNode": <input
                class="todo-input"
                placeholder="do something..."
                type="text"
              />,
              "tag": 5,
              "type": "input",
              "updateQueue": null,
            },
            "index": 0,
            "internalContextTag": 0,
            "key": null,
            "lastEffect": [Circular],
            "memoizedProps": Object {
              "Component": [Function],
              "context": null,
              "props": Object {
                "onChange": [Function],
              },
            },
            "memoizedState": Object {
              "context": null,
              "mount": true,
              "props": Object {
                "onChange": [Function],
              },
            },
            "nextEffect": null,
            "pendingProps": null,
            "ref": null,
            "return": FiberNode {
              "_debugID": 1,
              "_debugIsCurrentlyTiming": false,
              "_debugOwner": null,
              "_debugSource": null,
              "alternate": FiberNode {
                "_debugID": 1,
                "_debugIsCurrentlyTiming": false,
                "_debugOwner": null,
                "_debugSource": null,
                "alternate": [Circular],
                "child": null,
                "effectTag": 0,
                "expirationTime": 1,
                "firstEffect": null,
                "index": 0,
                "internalContextTag": 0,
                "key": null,
                "lastEffect": null,
                "memoizedProps": null,
                "memoizedState": null,
                "nextEffect": null,
                "pendingProps": null,
                "ref": null,
                "return": null,
                "sibling": null,
                "stateNode": Object {
                  "containerInfo": <div>
                    <input
                      class="todo-input"
                      placeholder="do something..."
                      type="text"
                    />
                  </div>,
                  "context": Object {},
                  "current": [Circular],
                  "finishedWork": null,
                  "hydrate": false,
                  "isReadyForCommit": false,
                  "nextScheduledRoot": null,
                  "pendingChildren": null,
                  "pendingContext": null,
                  "remainingExpirationTime": 0,
                },
                "tag": 3,
                "type": null,
                "updateQueue": Object {
                  "baseState": null,
                  "callbackList": null,
                  "expirationTime": 1,
                  "first": Object {
                    "callback": null,
                    "expirationTime": 1,
                    "isForced": false,
                    "isReplace": false,
                    "next": null,
                    "nextCallback": null,
                    "partialState": Object {
                      "element": <WrapperComponent
                        Component={[Function]}
                        context={null}
                        props={
                          Object {
                            "onChange": [Function],
                          }
                        }
                      />,
                    },
                  },
                  "hasForceUpdate": false,
                  "isInitialized": false,
                  "isProcessing": false,
                  "last": Object {
                    "callback": null,
                    "expirationTime": 1,
                    "isForced": false,
                    "isReplace": false,
                    "next": null,
                    "nextCallback": null,
                    "partialState": Object {
                      "element": <WrapperComponent
                        Component={[Function]}
                        context={null}
                        props={
                          Object {
                            "onChange": [Function],
                          }
                        }
                      />,
                    },
                  },
                },
              },
              "child": [Circular],
              "effectTag": 0,
              "expirationTime": 0,
              "firstEffect": FiberNode {
                "_debugID": 5,
                "_debugIsCurrentlyTiming": false,
                "_debugOwner": [Circular],
                "_debugSource": null,
                "alternate": null,
                "child": null,
                "effectTag": 128,
                "expirationTime": 0,
                "firstEffect": null,
                "index": 0,
                "internalContextTag": 0,
                "key": null,
                "lastEffect": null,
                "memoizedProps": Object {
                  "className": "todo-input",
                  "onChange": [Function],
                  "placeholder": "do something...",
                  "type": "text",
                },
                "memoizedState": null,
                "nextEffect": null,
                "pendingProps": null,
                "ref": [Function],
                "return": [Circular],
                "sibling": null,
                "stateNode": <input
                  class="todo-input"
                  placeholder="do something..."
                  type="text"
                />,
                "tag": 5,
                "type": "input",
                "updateQueue": null,
              },
              "index": 0,
              "internalContextTag": 0,
              "key": null,
              "lastEffect": [Circular],
              "memoizedProps": null,
              "memoizedState": Object {
                "element": <WrapperComponent
                  Component={[Function]}
                  context={null}
                  props={
                    Object {
                      "onChange": [Function],
                    }
                  }
                />,
              },
              "nextEffect": null,
              "pendingProps": null,
              "ref": null,
              "return": null,
              "sibling": null,
              "stateNode": Object {
                "containerInfo": <div>
                  <input
                    class="todo-input"
                    placeholder="do something..."
                    type="text"
                  />
                </div>,
                "context": Object {},
                "current": [Circular],
                "finishedWork": null,
                "hydrate": false,
                "isReadyForCommit": false,
                "nextScheduledRoot": null,
                "pendingChildren": null,
                "pendingContext": null,
                "remainingExpirationTime": 0,
              },
              "tag": 3,
              "type": null,
              "updateQueue": null,
            },
            "sibling": null,
            "stateNode": WrapperComponent {
              "_reactInternalFiber": [Circular],
              "_reactInternalInstance": Object {},
              "context": Object {},
              "props": Object {
                "Component": [Function],
                "context": null,
                "props": Object {
                  "onChange": [Function],
                },
              },
              "refs": Object {},
              "state": Object {
                "context": null,
                "mount": true,
                "props": Object {
                  "onChange": [Function],
                },
              },
              "updater": Object {
                "enqueueForceUpdate": [Function],
                "enqueueReplaceState": [Function],
                "enqueueSetState": [Function],
                "isMounted": [Function],
              },
            },
            "tag": 2,
            "type": [Function],
            "updateQueue": null,
          },
          "_debugSource": null,
          "alternate": null,
          "child": FiberNode {
            "_debugID": 5,
            "_debugIsCurrentlyTiming": false,
            "_debugOwner": [Circular],
            "_debugSource": null,
            "alternate": null,
            "child": null,
            "effectTag": 128,
            "expirationTime": 0,
            "firstEffect": null,
            "index": 0,
            "internalContextTag": 0,
            "key": null,
            "lastEffect": null,
            "memoizedProps": Object {
              "className": "todo-input",
              "onChange": [Function],
              "placeholder": "do something...",
              "type": "text",
            },
            "memoizedState": null,
            "nextEffect": null,
            "pendingProps": null,
            "ref": [Function],
            "return": [Circular],
            "sibling": null,
            "stateNode": <input
              class="todo-input"
              placeholder="do something..."
              type="text"
            />,
            "tag": 5,
            "type": "input",
            "updateQueue": null,
          },
          "effectTag": 5,
          "expirationTime": 0,
          "firstEffect": FiberNode {
            "_debugID": 5,
            "_debugIsCurrentlyTiming": false,
            "_debugOwner": [Circular],
            "_debugSource": null,
            "alternate": null,
            "child": null,
            "effectTag": 128,
            "expirationTime": 0,
            "firstEffect": null,
            "index": 0,
            "internalContextTag": 0,
            "key": null,
            "lastEffect": null,
            "memoizedProps": Object {
              "className": "todo-input",
              "onChange": [Function],
              "placeholder": "do something...",
              "type": "text",
            },
            "memoizedState": null,
            "nextEffect": null,
            "pendingProps": null,
            "ref": [Function],
            "return": [Circular],
            "sibling": null,
            "stateNode": <input
              class="todo-input"
              placeholder="do something..."
              type="text"
            />,
            "tag": 5,
            "type": "input",
            "updateQueue": null,
          },
          "index": 0,
          "internalContextTag": 0,
          "key": null,
          "lastEffect": FiberNode {
            "_debugID": 5,
            "_debugIsCurrentlyTiming": false,
            "_debugOwner": [Circular],
            "_debugSource": null,
            "alternate": null,
            "child": null,
            "effectTag": 128,
            "expirationTime": 0,
            "firstEffect": null,
            "index": 0,
            "internalContextTag": 0,
            "key": null,
            "lastEffect": null,
            "memoizedProps": Object {
              "className": "todo-input",
              "onChange": [Function],
              "placeholder": "do something...",
              "type": "text",
            },
            "memoizedState": null,
            "nextEffect": null,
            "pendingProps": null,
            "ref": [Function],
            "return": [Circular],
            "sibling": null,
            "stateNode": <input
              class="todo-input"
              placeholder="do something..."
              type="text"
            />,
            "tag": 5,
            "type": "input",
            "updateQueue": null,
          },
          "memoizedProps": Object {
            "onChange": [Function],
          },
          "memoizedState": null,
          "nextEffect": null,
          "pendingProps": null,
          "ref": null,
          "return": FiberNode {
            "_debugID": 3,
            "_debugIsCurrentlyTiming": false,
            "_debugOwner": null,
            "_debugSource": null,
            "alternate": null,
            "child": [Circular],
            "effectTag": 1,
            "expirationTime": 0,
            "firstEffect": FiberNode {
              "_debugID": 5,
              "_debugIsCurrentlyTiming": false,
              "_debugOwner": [Circular],
              "_debugSource": null,
              "alternate": null,
              "child": null,
              "effectTag": 128,
              "expirationTime": 0,
              "firstEffect": null,
              "index": 0,
              "internalContextTag": 0,
              "key": null,
              "lastEffect": null,
              "memoizedProps": Object {
                "className": "todo-input",
                "onChange": [Function],
                "placeholder": "do something...",
                "type": "text",
              },
              "memoizedState": null,
              "nextEffect": null,
              "pendingProps": null,
              "ref": [Function],
              "return": [Circular],
              "sibling": null,
              "stateNode": <input
                class="todo-input"
                placeholder="do something..."
                type="text"
              />,
              "tag": 5,
              "type": "input",
              "updateQueue": null,
            },
            "index": 0,
            "internalContextTag": 0,
            "key": null,
            "lastEffect": [Circular],
            "memoizedProps": Object {
              "Component": [Function],
              "context": null,
              "props": Object {
                "onChange": [Function],
              },
            },
            "memoizedState": Object {
              "context": null,
              "mount": true,
              "props": Object {
                "onChange": [Function],
              },
            },
            "nextEffect": null,
            "pendingProps": null,
            "ref": null,
            "return": FiberNode {
              "_debugID": 1,
              "_debugIsCurrentlyTiming": false,
              "_debugOwner": null,
              "_debugSource": null,
              "alternate": FiberNode {
                "_debugID": 1,
                "_debugIsCurrentlyTiming": false,
                "_debugOwner": null,
                "_debugSource": null,
                "alternate": [Circular],
                "child": null,
                "effectTag": 0,
                "expirationTime": 1,
                "firstEffect": null,
                "index": 0,
                "internalContextTag": 0,
                "key": null,
                "lastEffect": null,
                "memoizedProps": null,
                "memoizedState": null,
                "nextEffect": null,
                "pendingProps": null,
                "ref": null,
                "return": null,
                "sibling": null,
                "stateNode": Object {
                  "containerInfo": <div>
                    <input
                      class="todo-input"
                      placeholder="do something..."
                      type="text"
                    />
                  </div>,
                  "context": Object {},
                  "current": [Circular],
                  "finishedWork": null,
                  "hydrate": false,
                  "isReadyForCommit": false,
                  "nextScheduledRoot": null,
                  "pendingChildren": null,
                  "pendingContext": null,
                  "remainingExpirationTime": 0,
                },
                "tag": 3,
                "type": null,
                "updateQueue": Object {
                  "baseState": null,
                  "callbackList": null,
                  "expirationTime": 1,
                  "first": Object {
                    "callback": null,
                    "expirationTime": 1,
                    "isForced": false,
                    "isReplace": false,
                    "next": null,
                    "nextCallback": null,
                    "partialState": Object {
                      "element": <WrapperComponent
                        Component={[Function]}
                        context={null}
                        props={
                          Object {
                            "onChange": [Function],
                          }
                        }
                      />,
                    },
                  },
                  "hasForceUpdate": false,
                  "isInitialized": false,
                  "isProcessing": false,
                  "last": Object {
                    "callback": null,
                    "expirationTime": 1,
                    "isForced": false,
                    "isReplace": false,
                    "next": null,
                    "nextCallback": null,
                    "partialState": Object {
                      "element": <WrapperComponent
                        Component={[Function]}
                        context={null}
                        props={
                          Object {
                            "onChange": [Function],
                          }
                        }
                      />,
                    },
                  },
                },
              },
              "child": [Circular],
              "effectTag": 0,
              "expirationTime": 0,
              "firstEffect": FiberNode {
                "_debugID": 5,
                "_debugIsCurrentlyTiming": false,
                "_debugOwner": [Circular],
                "_debugSource": null,
                "alternate": null,
                "child": null,
                "effectTag": 128,
                "expirationTime": 0,
                "firstEffect": null,
                "index": 0,
                "internalContextTag": 0,
                "key": null,
                "lastEffect": null,
                "memoizedProps": Object {
                  "className": "todo-input",
                  "onChange": [Function],
                  "placeholder": "do something...",
                  "type": "text",
                },
                "memoizedState": null,
                "nextEffect": null,
                "pendingProps": null,
                "ref": [Function],
                "return": [Circular],
                "sibling": null,
                "stateNode": <input
                  class="todo-input"
                  placeholder="do something..."
                  type="text"
                />,
                "tag": 5,
                "type": "input",
                "updateQueue": null,
              },
              "index": 0,
              "internalContextTag": 0,
              "key": null,
              "lastEffect": [Circular],
              "memoizedProps": null,
              "memoizedState": Object {
                "element": <WrapperComponent
                  Component={[Function]}
                  context={null}
                  props={
                    Object {
                      "onChange": [Function],
                    }
                  }
                />,
              },
              "nextEffect": null,
              "pendingProps": null,
              "ref": null,
              "return": null,
              "sibling": null,
              "stateNode": Object {
                "containerInfo": <div>
                  <input
                    class="todo-input"
                    placeholder="do something..."
                    type="text"
                  />
                </div>,
                "context": Object {},
                "current": [Circular],
                "finishedWork": null,
                "hydrate": false,
                "isReadyForCommit": false,
                "nextScheduledRoot": null,
                "pendingChildren": null,
                "pendingContext": null,
                "remainingExpirationTime": 0,
              },
              "tag": 3,
              "type": null,
              "updateQueue": null,
            },
            "sibling": null,
            "stateNode": WrapperComponent {
              "_reactInternalFiber": [Circular],
              "_reactInternalInstance": Object {},
              "context": Object {},
              "props": Object {
                "Component": [Function],
                "context": null,
                "props": Object {
                  "onChange": [Function],
                },
              },
              "refs": Object {},
              "state": Object {
                "context": null,
                "mount": true,
                "props": Object {
                  "onChange": [Function],
                },
              },
              "updater": Object {
                "enqueueForceUpdate": [Function],
                "enqueueReplaceState": [Function],
                "enqueueSetState": [Function],
                "isMounted": [Function],
              },
            },
            "tag": 2,
            "type": [Function],
            "updateQueue": null,
          },
          "sibling": null,
          "stateNode": [Circular],
          "tag": 2,
          "type": [Function],
          "updateQueue": null,
        },
        "_reactInternalInstance": Object {},
        "autoFocus": [Function],
        "context": Object {},
        "inputElem": <input
          class="todo-input"
          placeholder="do something..."
          type="text"
        />,
        "props": Object {
          "onChange": [Function],
        },
        "refs": Object {},
        "state": null,
        "updater": Object {
          "enqueueForceUpdate": [Function],
          "enqueueReplaceState": [Function],
          "enqueueSetState": [Function],
          "isMounted": [Function],
        },
      },
      "key": undefined,
      "nodeType": "class",
      "props": Object {
        "onChange": [Function],
      },
      "ref": null,
      "rendered": Object {
        "instance": <input
          class="todo-input"
          placeholder="do something..."
          type="text"
        />,
        "key": undefined,
        "nodeType": "host",
        "props": Object {
          "className": "todo-input",
          "onChange": [Function],
          "placeholder": "do something...",
          "type": "text",
        },
        "ref": [Function],
        "rendered": Array [
          undefined,
        ],
        "type": "input",
      },
      "type": [Function],
    },
  ],
  Symbol(enzyme.__options__): Object {
    "adapter": ReactSixteenAdapter {
      "options": Object {
        "enableComponentDidUpdateOnSetState": true,
      },
    },
  },
}
`;
